  Core.cpp
  imgui.cpp
  imgui_demo.cpp
  imgui_draw.cpp
  imgui_impl_dx12.cpp
  imgui_impl_win32.cpp
  imgui_tables.cpp
  imgui_widgets.cpp
  Graphics.cpp
  TextureManager.cpp
  Int2.cpp
  Keyboard.cpp
  Mouse.cpp
  Pad.cpp
  PadManager.cpp
  Memory.cpp
  CameraWork.cpp
  Input.cpp
  Field.cpp
  OBBCollider.cpp
  コンパイル中...
  Color.cpp
  AABBCollider.cpp
  GraphicsDescriptorHeapManager.cpp
  IndexBuffer.cpp
  Camera.cpp
  ConstantBuffer.cpp
  FbxMesh.cpp
  GraphicsDescriptorHeap.cpp
  DirectX.cpp
  Renderer.cpp
  Sprite.cpp
  VertexBuffer.cpp
  Window.cpp
  Block.cpp
  Entity.cpp
  Player.cpp
  StateIdle.cpp
  StateRun.cpp
  StatePush.cpp
  Main.cpp
  コンパイル中...
  Texture.cpp
  Math.cpp
  Matrix3x3.cpp
  Matrix.cpp
  Quaternion.cpp
  Vector2.cpp
  Vector3.cpp
  SphereCollider.cpp
  CharaStateMachine.cpp
  Debug.cpp
  System.cpp
  SceneStateMachine.cpp
  StateGame.cpp
  StateResult.cpp
  StateStageSelect.cpp
  StateTitle.cpp
  Stage.cpp
  コード生成しています。
  Previous IPDB was built with incompatible compiler, fall back to full compilation.
  All 3853 functions were compiled because no usable IPDB/IOBJ from previous compilation was found.
  コード生成が終了しました。
  ProjectDX12.vcxproj -> C:\Users\PC_User\source\repos\DirectX12Souko\ProjectDX12\x64\Release\ProjectDX12.exe
