c:\users\pc_user\source\repos\directx12souko\projectdx12\projectdx12\x64\release\vc145.pdb
c:\users\pc_user\source\repos\directx12souko\projectdx12\projectdx12\x64\release\obbcollider.obj
c:\users\pc_user\source\repos\directx12souko\projectdx12\projectdx12\x64\release\field.obj
c:\users\pc_user\source\repos\directx12souko\projectdx12\projectdx12\x64\release\input.obj
c:\users\pc_user\source\repos\directx12souko\projectdx12\projectdx12\x64\release\camerawork.obj
c:\users\pc_user\source\repos\directx12souko\projectdx12\projectdx12\x64\release\memory.obj
c:\users\pc_user\source\repos\directx12souko\projectdx12\projectdx12\x64\release\padmanager.obj
c:\users\pc_user\source\repos\directx12souko\projectdx12\projectdx12\x64\release\pad.obj
c:\users\pc_user\source\repos\directx12souko\projectdx12\projectdx12\x64\release\mouse.obj
c:\users\pc_user\source\repos\directx12souko\projectdx12\projectdx12\x64\release\keyboard.obj
c:\users\pc_user\source\repos\directx12souko\projectdx12\projectdx12\x64\release\int2.obj
c:\users\pc_user\source\repos\directx12souko\projectdx12\projectdx12\x64\release\texturemanager.obj
c:\users\pc_user\source\repos\directx12souko\projectdx12\projectdx12\x64\release\graphics.obj
c:\users\pc_user\source\repos\directx12souko\projectdx12\projectdx12\x64\release\imgui_widgets.obj
c:\users\pc_user\source\repos\directx12souko\projectdx12\projectdx12\x64\release\imgui_tables.obj
c:\users\pc_user\source\repos\directx12souko\projectdx12\projectdx12\x64\release\imgui_impl_win32.obj
c:\users\pc_user\source\repos\directx12souko\projectdx12\projectdx12\x64\release\imgui_impl_dx12.obj
c:\users\pc_user\source\repos\directx12souko\projectdx12\projectdx12\x64\release\imgui_draw.obj
c:\users\pc_user\source\repos\directx12souko\projectdx12\projectdx12\x64\release\imgui_demo.obj
c:\users\pc_user\source\repos\directx12souko\projectdx12\projectdx12\x64\release\imgui.obj
c:\users\pc_user\source\repos\directx12souko\projectdx12\projectdx12\x64\release\core.obj
c:\users\pc_user\source\repos\directx12souko\projectdx12\projectdx12\x64\release\main.obj
c:\users\pc_user\source\repos\directx12souko\projectdx12\projectdx12\x64\release\statepush.obj
c:\users\pc_user\source\repos\directx12souko\projectdx12\projectdx12\x64\release\staterun.obj
c:\users\pc_user\source\repos\directx12souko\projectdx12\projectdx12\x64\release\stateidle.obj
c:\users\pc_user\source\repos\directx12souko\projectdx12\projectdx12\x64\release\player.obj
c:\users\pc_user\source\repos\directx12souko\projectdx12\projectdx12\x64\release\entity.obj
c:\users\pc_user\source\repos\directx12souko\projectdx12\projectdx12\x64\release\block.obj
c:\users\pc_user\source\repos\directx12souko\projectdx12\projectdx12\x64\release\window.obj
c:\users\pc_user\source\repos\directx12souko\projectdx12\projectdx12\x64\release\vertexbuffer.obj
c:\users\pc_user\source\repos\directx12souko\projectdx12\projectdx12\x64\release\sprite.obj
c:\users\pc_user\source\repos\directx12souko\projectdx12\projectdx12\x64\release\directx.obj
c:\users\pc_user\source\repos\directx12souko\projectdx12\projectdx12\x64\release\graphicsdescriptorheap.obj
c:\users\pc_user\source\repos\directx12souko\projectdx12\projectdx12\x64\release\fbxmesh.obj
c:\users\pc_user\source\repos\directx12souko\projectdx12\projectdx12\x64\release\constantbuffer.obj
c:\users\pc_user\source\repos\directx12souko\projectdx12\projectdx12\x64\release\camera.obj
c:\users\pc_user\source\repos\directx12souko\projectdx12\projectdx12\x64\release\graphicsdescriptorheapmanager.obj
c:\users\pc_user\source\repos\directx12souko\projectdx12\projectdx12\x64\release\aabbcollider.obj
c:\users\pc_user\source\repos\directx12souko\projectdx12\projectdx12\x64\release\color.obj
c:\users\pc_user\source\repos\directx12souko\projectdx12\projectdx12\x64\release\stage.obj
c:\users\pc_user\source\repos\directx12souko\projectdx12\projectdx12\x64\release\statetitle.obj
c:\users\pc_user\source\repos\directx12souko\projectdx12\projectdx12\x64\release\stategame.obj
c:\users\pc_user\source\repos\directx12souko\projectdx12\projectdx12\x64\release\scenestatemachine.obj
c:\users\pc_user\source\repos\directx12souko\projectdx12\projectdx12\x64\release\system.obj
c:\users\pc_user\source\repos\directx12souko\projectdx12\projectdx12\x64\release\debug.obj
c:\users\pc_user\source\repos\directx12souko\projectdx12\projectdx12\x64\release\charastatemachine.obj
c:\users\pc_user\source\repos\directx12souko\projectdx12\projectdx12\x64\release\spherecollider.obj
c:\users\pc_user\source\repos\directx12souko\projectdx12\projectdx12\x64\release\vector3.obj
c:\users\pc_user\source\repos\directx12souko\projectdx12\projectdx12\x64\release\vector2.obj
c:\users\pc_user\source\repos\directx12souko\projectdx12\projectdx12\x64\release\quaternion.obj
c:\users\pc_user\source\repos\directx12souko\projectdx12\projectdx12\x64\release\matrix.obj
c:\users\pc_user\source\repos\directx12souko\projectdx12\projectdx12\x64\release\matrix3x3.obj
c:\users\pc_user\source\repos\directx12souko\projectdx12\projectdx12\x64\release\math.obj
c:\users\pc_user\source\repos\directx12souko\projectdx12\projectdx12\x64\release\texture.obj
c:\users\pc_user\source\repos\directx12souko\projectdx12\projectdx12\x64\release\statestageselect.obj
c:\users\pc_user\source\repos\directx12souko\projectdx12\projectdx12\x64\release\stateresult.obj
c:\users\pc_user\source\repos\directx12souko\projectdx12\projectdx12\x64\release\vc143.pdb
c:\users\pc_user\source\repos\directx12souko\projectdx12\projectdx12\x64\release\projectdx12.vcxproj.cppwinrt_comp.cache
c:\users\pc_user\source\repos\directx12souko\projectdx12\projectdx12\x64\release\projectdx12.vcxproj.cppwinrt_plat.cache
c:\users\pc_user\source\repos\directx12souko\projectdx12\projectdx12\x64\release\projectdx12.vcxproj.mdmergeinputs.cache
c:\users\pc_user\source\repos\directx12souko\projectdx12\projectdx12\x64\release\projectdx12.vcxproj.cppwinrt_comp.rsp
c:\users\pc_user\source\repos\directx12souko\projectdx12\projectdx12\x64\release\projectdx12.vcxproj.cppwinrt_plat.rsp
c:\users\pc_user\source\repos\directx12souko\projectdx12\projectdx12\x64\release\projectdx12.vcxproj.mdmerge.rsp
c:\users\pc_user\source\repos\directx12souko\projectdx12\projectdx12\x64\release\projectdx12.vcxproj.midlrt.rsp
c:\users\pc_user\source\repos\directx12souko\projectdx12\projectdx12\x64\release\projectdx12.tlog\cl.command.1.tlog
c:\users\pc_user\source\repos\directx12souko\projectdx12\projectdx12\x64\release\projectdx12.tlog\cl.read.1.tlog
c:\users\pc_user\source\repos\directx12souko\projectdx12\projectdx12\x64\release\projectdx12.tlog\cl.write.1.tlog
